#
# There is insufficient memory for the Java Runtime Environment to continue.
# Native memory allocation (malloc) failed to allocate 223576 bytes. Error detail: Chunk::new
# Possible reasons:
#   The system is out of physical RAM or swap space
#   This process is running with CompressedOops enabled, and the Java Heap may be blocking the growth of the native heap
# Possible solutions:
#   Reduce memory load on the system
#   Increase physical memory or swap space
#   Check if swap backing store is full
#   Decrease Java heap size (-Xmx/-Xms)
#   Decrease number of Java threads
#   Decrease Java thread stack sizes (-Xss)
#   Set larger code cache with -XX:ReservedCodeCacheSize=
#   JVM is running with Unscaled Compressed Oops mode in which the Java heap is
#     placed in the first 4GB address space. The Java Heap base address is the
#     maximum limit for the native heap growth. Please use -XX:HeapBaseMinAddress
#     to set the Java Heap base and to place the Java Heap above 4GB virtual address.
# This output file may be truncated or incomplete.
#
#  Out of Memory Error (arena.cpp:193), pid=17456, tid=8572
#
# JRE version: Java(TM) SE Runtime Environment (26.0+35) (build 26+35-2893)
# Java VM: Java HotSpot(TM) 64-Bit Server VM (26+35-2893, mixed mode, sharing, tiered, compressed oops, compressed class ptrs, parallel gc, windows-amd64)
# No core dump will be written. Minidumps are not enabled by default on client versions of Windows
#

---------------  S U M M A R Y ------------

Command Line: -Djdk.xml.maxGeneralEntitySizeLimit=0 -Djdk.xml.totalEntitySizeLimit=0 --add-modules=ALL-SYSTEM --add-opens=java.base/java.util=ALL-UNNAMED --add-opens=java.base/java.lang=ALL-UNNAMED --add-opens=java.base/sun.nio.fs=ALL-UNNAMED -Declipse.application=org.eclipse.jdt.ls.core.id1 -Dosgi.bundles.defaultStartLevel=4 -Declipse.product=org.eclipse.jdt.ls.core.product -Djava.import.generatesMetadataFilesAtProjectRoot=false -DDetectVMInstallationsJob.disabled=true -Dfile.encoding=utf8 -XX:+UseParallelGC -XX:GCTimeRatio=4 -XX:AdaptiveSizePolicyWeight=90 -Dsun.zip.disableMemoryMapping=true -Xmx2G -Xms100m -Xlog:disable -javaagent:c:\Users\HP\.vscode\extensions\redhat.java-1.53.0-win32-x64\lombok\lombok-1.18.39-4050.jar -XX:+HeapDumpOnOutOfMemoryError -XX:HeapDumpPath=c:\Users\HP\AppData\Roaming\Code\User\workspaceStorage\7f855e6bb299acc305e564db38f923d8\redhat.java -Daether.dependencyCollector.impl=bf c:\Users\HP\.vscode\extensions\redhat.java-1.53.0-win32-x64\server\plugins\org.eclipse.equinox.launcher_1.7.100.v20251111-0406.jar -configuration c:\Users\HP\AppData\Roaming\Code\User\globalStorage\redhat.java\1.53.0\config_win -data c:\Users\HP\AppData\Roaming\Code\User\workspaceStorage\7f855e6bb299acc305e564db38f923d8\redhat.java\jdt_ws --pipe=\\.\pipe\lsp-63ce729200ba49e5bb6641b1d3386e31-sock

Host: AMD Ryzen 5 5600H with Radeon Graphics         , 12 cores, 7G,  Windows 11 , 64 bit Build 26100 (10.0.26100.7920)
Time: Wed Mar 25 10:56:41 2026 elapsed time: 13.825630 seconds (0d 0h 0m 13s)

---------------  T H R E A D  ---------------

Current thread (0x0000021dca63b130):  JavaThread "C2 CompilerThread0" daemon [_thread_in_native, id=8572, stack(0x000000739f600000,0x000000739f700000) (1024K)]


Current CompileTask:
C2:13825 2487   !   4       java.util.jar.Attributes::read (494 bytes)

Stack: [0x000000739f600000,0x000000739f700000]
Native frames: (J=compiled Java code, j=interpreted, Vv=VM code, C=native code)
V  [jvm.dll+0x7d5719]  (no source info available)
V  [jvm.dll+0x7a367d]  (no source info available)
V  [jvm.dll+0x9b0aa0]  (no source info available)
V  [jvm.dll+0x9b2ef1]  (no source info available)
V  [jvm.dll+0x9b3603]  (no source info available)
V  [jvm.dll+0x30de86]  (no source info available)
V  [jvm.dll+0x11d7c6]  (no source info available)
V  [jvm.dll+0x11daee]  (no source info available)
V  [jvm.dll+0x466b1b]  (no source info available)
V  [jvm.dll+0x264233]  (no source info available)
V  [jvm.dll+0x2d13cc]  (no source info available)
V  [jvm.dll+0x2d04cf]  (no source info available)
V  [jvm.dll+0x246740]  (no source info available)
V  [jvm.dll+0x2e05ec]  (no source info available)
V  [jvm.dll+0x2de7cd]  (no source info available)
V  [jvm.dll+0x4a3f01]  (no source info available)
V  [jvm.dll+0x94f4e9]  (no source info available)
V  [jvm.dll+0x7d71f8]  (no source info available)
C  [ucrtbase.dll+0x37b0]  (no source info available)
C  [KERNEL32.DLL+0x2e8d7]  (no source info available)
C  [ntdll.dll+0x8c48c]  (no source info available)

Lock stack of current Java thread (top to bottom):


---------------  P R O C E S S  ---------------

Threads class SMR info:
_java_thread_list=0x0000021dd1a6d000, length=15, elements={
0x0000021dae33a3c0, 0x0000021dca61f770, 0x0000021dca613630, 0x0000021dca6193e0,
0x0000021dca619e30, 0x0000021dca61bdb0, 0x0000021dca628d50, 0x0000021dca63b130,
0x0000021dca63d210, 0x0000021dcc89ef30, 0x0000021dd10d5ad0, 0x0000021dd1649c60,
0x0000021dd188f860, 0x0000021dd163b450, 0x0000021dd1974d30
}

Java Threads: ( => current thread )
  0x0000021dae33a3c0 JavaThread "main"                              [_thread_blocked, id=1104, stack(0x000000739ec00000,0x000000739ed00000) (1024K)]
  0x0000021dca61f770 JavaThread "Reference Handler"          daemon [_thread_blocked, id=9032, stack(0x000000739f000000,0x000000739f100000) (1024K)]
  0x0000021dca613630 JavaThread "Finalizer"                  daemon [_thread_blocked, id=7764, stack(0x000000739f100000,0x000000739f200000) (1024K)]
  0x0000021dca6193e0 JavaThread "Signal Dispatcher"          daemon [_thread_blocked, id=8444, stack(0x000000739f200000,0x000000739f300000) (1024K)]
  0x0000021dca619e30 JavaThread "Attach Listener"            daemon [_thread_blocked, id=6732, stack(0x000000739f300000,0x000000739f400000) (1024K)]
  0x0000021dca61bdb0 JavaThread "Service Thread"             daemon [_thread_blocked, id=11944, stack(0x000000739f400000,0x000000739f500000) (1024K)]
  0x0000021dca628d50 JavaThread "Monitor Deflation Thread"   daemon [_thread_blocked, id=7132, stack(0x000000739f500000,0x000000739f600000) (1024K)]
=>0x0000021dca63b130 JavaThread "C2 CompilerThread0"         daemon [_thread_in_native, id=8572, stack(0x000000739f600000,0x000000739f700000) (1024K)]
  0x0000021dca63d210 JavaThread "C1 CompilerThread0"         daemon [_thread_blocked, id=6808, stack(0x000000739f700000,0x000000739f800000) (1024K)]
  0x0000021dcc89ef30 JavaThread "Common-Cleaner"             daemon [_thread_blocked, id=11916, stack(0x000000739f900000,0x000000739fa00000) (1024K)]
  0x0000021dd10d5ad0 JavaThread "Notification Thread"        daemon [_thread_blocked, id=11876, stack(0x000000739fa00000,0x000000739fb00000) (1024K)]
  0x0000021dd1649c60 JavaThread "Active Thread: Equinox Container: bf3d7e77-968f-44a5-bfa2-2a1d59ba7906"        [_thread_blocked, id=11872, stack(0x000000739ff00000,0x00000073a0000000) (1024K)]
  0x0000021dd188f860 JavaThread "Framework Event Dispatcher: Equinox Container: bf3d7e77-968f-44a5-bfa2-2a1d59ba7906" daemon [_thread_blocked, id=6016, stack(0x000000739fb00000,0x000000739fc00000) (1024K)]
  0x0000021dd163b450 JavaThread "Start Level: Equinox Container: bf3d7e77-968f-44a5-bfa2-2a1d59ba7906" daemon [_thread_in_native, id=8584, stack(0x00000073a0000000,0x00000073a0100000) (1024K)]
  0x0000021dd1974d30 JavaThread "Bundle File Closer"         daemon [_thread_blocked, id=14820, stack(0x00000073a0300000,0x00000073a0400000) (1024K)]
Total: 15

Other Threads:
  0x0000021dca5fcfb0 VMThread "VM Thread"                           [id=16960, stack(0x000000739ef00000,0x000000739f000000) (1024K)]
  0x0000021db06317c0 WatcherThread "VM Periodic Task Thread"        [id=2080, stack(0x000000739ee00000,0x000000739ef00000) (1024K)]
  0x0000021db0625270 WorkerThread "GC Thread#0"                     [id=15944, stack(0x000000739ed00000,0x000000739ee00000) (1024K)]
  0x0000021dd14a5440 WorkerThread "GC Thread#1"                     [id=16956, stack(0x000000739fc00000,0x000000739fd00000) (1024K)]
  0x0000021dd162dd20 WorkerThread "GC Thread#2"                     [id=17068, stack(0x000000739fd00000,0x000000739fe00000) (1024K)]
  0x0000021dd199a8f0 WorkerThread "GC Thread#3"                     [id=17088, stack(0x000000739fe00000,0x000000739ff00000) (1024K)]
  0x0000021dca6e3200 WorkerThread "GC Thread#4"                     [id=14040, stack(0x000000739f800000,0x000000739f900000) (1024K)]
  0x0000021dd18a9050 WorkerThread "GC Thread#5"                     [id=17516, stack(0x00000073a0100000,0x00000073a0200000) (1024K)]
  0x0000021dd18a9470 WorkerThread "GC Thread#6"                     [id=17520, stack(0x00000073a0200000,0x00000073a0300000) (1024K)]
Total: 9

Threads with active compile tasks:
C2 CompilerThread0  13985 2487   !   4       java.util.jar.Attributes::read (494 bytes)
Total: 1

VM state: not at safepoint (normal execution)

VM Mutex/Monitor currently owned by a thread: None

Heap address: 0x0000000080000000, size: 2048 MB, Compressed Oops mode: 32-bit

CDS archive(s) mapped at: [0x000000002e000000-0x000000002ede0000-0x000000002ede0000), size 14548992, SharedBaseAddress: 0x000000002e000000, ArchiveRelocationMode: 1.
Compressed class space mapped at: 0x000000002f000000-0x000000006f000000, reserved size: 1073741824
UseCompressedClassPointers 1, UseCompactObjectHeaders 0
Narrow klass pointer bits 32, Max shift 3
Narrow klass base: 0x000000002e000000, Narrow klass shift: 0
Encoding Range: [0x000000002e000000 - 0x000000012e000000), (4294967296 bytes)
Klass Range:    [0x000000002e000000 - 0x000000006f000000), (1090519040 bytes)
Klass ID Range:  [8 - 1090519033) (1090519025)
Protection zone: [0x000000002e000000 - 0x000000002e010000), (65536 bytes)

GC Precious Log:
 CardTable entry size: 512
 CPUs: 12 total, 12 available
 Memory: 7521M
 Large Page Support: Disabled
 NUMA Support: Disabled
 Compressed Oops: Enabled (32-bit)
 Alignments: Space 512K, Heap 2M
 Heap Min Capacity: 100M
 Heap Initial Capacity: 100M
 Heap Max Capacity: 2G
 Pre-touch: Disabled
 Parallel Workers: 10

Heap:
 PSYoungGen      total 55296K, used 22934K [0x00000000d5580000, 0x00000000d8f80000, 0x0000000100000000)
  eden space 51200K, 36% used [0x00000000d5d80000,0x00000000d6fecc18,0x00000000d8f80000)
  from space 4096K, 99% used [0x00000000d5980000,0x00000000d5d78dc0,0x00000000d5d80000)
  to   space 4096K, 0% used [0x00000000d5580000,0x00000000d5580000,0x00000000d5980000)
 ParOldGen       total 68608K, used 4740K [0x0000000080000000, 0x0000000084300000, 0x00000000d5580000)
  object space 68608K, 6% used [0x0000000080000000,0x00000000804a12d0,0x0000000084300000)

Card table byte_map: [0x0000021db0060000,0x0000021db0460000] _byte_map_base: 0x0000021dafc60000

Marking Bits: (ParMarkBitMap*) 0x00007ffb55404390
 Begin Bits: [0x0000021dc8550000, 0x0000021dca550000)

Polling page: 0x0000021dae510000

Metaspace:
Metaspace        used 9167K, committed 9472K, reserved 1114112K
 class space     used 925K, committed 1088K, reserved 1048576K

Usage:
  Non-class:      8.05 MB used.
      Class:    925.16 KB used.
       Both:      8.95 MB used.

Virtual space:
  Non-class space:       64.00 MB reserved,       8.19 MB ( 13%) committed,  1 nodes.
      Class space:        1.00 GB reserved,       1.06 MB ( <1%) committed,  1 nodes.
             Both:        1.06 GB reserved,       9.25 MB ( <1%) committed. 

Chunk freelists:
   Non-Class:  7.77 MB
       Class:  14.85 MB
        Both:  22.62 MB

MaxMetaspaceSize: unlimited
CompressedClassSpaceSize: 1.00 GB
Initial GC threshold: 21.00 MB
Current GC threshold: 21.00 MB
CDS: on
 - commit_granule_bytes: 65536.
 - commit_granule_words: 8192.
 - virtual_space_node_default_size: 8388608.
 - enlarge_chunks_in_place: 1.
UseCompressedClassPointers 1, UseCompactObjectHeaders 0
Narrow klass pointer bits 32, Max shift 3
Narrow klass base: 0x000000002e000000, Narrow klass shift: 0
Encoding Range: [0x000000002e000000 - 0x000000012e000000), (4294967296 bytes)
Klass Range:    [0x000000002e000000 - 0x000000006f000000), (1090519040 bytes)
Klass ID Range:  [8 - 1090519033) (1090519025)
Protection zone: [0x000000002e000000 - 0x000000002e010000), (65536 bytes)


Internal statistics:

num_allocs_failed_limit: 0.
num_arena_births: 184.
num_arena_deaths: 0.
num_vsnodes_births: 2.
num_vsnodes_deaths: 0.
num_space_committed: 148.
num_space_uncommitted: 0.
num_chunks_returned_to_freelist: 0.
num_chunks_taken_from_freelist: 415.
num_chunk_merges: 0.
num_chunk_splits: 266.
num_chunks_enlarged: 176.
num_inconsistent_stats: 0.

CodeHeap 'non-profiled nmethods': size=120064Kb used=821Kb max_used=821Kb free=119242Kb
 bounds [0x0000021dc0d60000, 0x0000021dc0fd0000, 0x0000021dc82a0000]
CodeHeap 'profiled nmethods': size=120000Kb used=3707Kb max_used=3707Kb free=116292Kb
 bounds [0x0000021db92a0000, 0x0000021db9640000, 0x0000021dc07d0000]
CodeHeap 'non-nmethods': size=5696Kb used=1333Kb max_used=1369Kb free=4362Kb
 bounds [0x0000021dc07d0000, 0x0000021dc0a40000, 0x0000021dc0d60000]
CodeCache: size=245760Kb, used=5861Kb, max_used=5897Kb, free=239896Kb
 total_blobs=3014, nmethods=2493, adapters=426, full_count=0
Compilation: enabled, stopped_count=0, restarted_count=0

Compilation events (20 events):
Event: 13.547 Thread 0x0000021dca63d210 2483       3       org.eclipse.osgi.storage.ManifestLocalization$EmptyResouceBundle::setParent (6 bytes)
Event: 13.547 Thread 0x0000021dca63d210 nmethod 2483 0x0000021db9639208 code [0x0000021db9639300, 0x0000021db9639480]
Event: 13.551 Thread 0x0000021dca63b130 nmethod 2481 0x0000021dc0e2cf08 code [0x0000021dc0e2d000, 0x0000021dc0e2d628]
Event: 13.766 Thread 0x0000021dca63d210 2486       3       org.eclipse.osgi.internal.loader.classpath.ClasspathManager::findEntries (99 bytes)
Event: 13.767 Thread 0x0000021dca63d210 nmethod 2486 0x0000021db9639508 code [0x0000021db9639600, 0x0000021db963a9a0]
Event: 13.767 Thread 0x0000021dca63d210 2485   !   3       org.eclipse.osgi.container.ModuleWiring::hasResourcePermission (34 bytes)
Event: 13.767 Thread 0x0000021dca63d210 nmethod 2485 0x0000021db963aa08 code [0x0000021db963ab00, 0x0000021db963ac68]
Event: 13.782 Thread 0x0000021dca63b130 2487   !   4       java.util.jar.Attributes::read (494 bytes)
Event: 13.820 Thread 0x0000021dca63d210 2489       3       org.eclipse.osgi.storage.bundlefile.ZipBundleEntry::getInputStream (12 bytes)
Event: 13.820 Thread 0x0000021dca63d210 nmethod 2489 0x0000021db963ad08 code [0x0000021db963ae00, 0x0000021db963afc8]
Event: 13.820 Thread 0x0000021dca63d210 2490   !   3       org.eclipse.osgi.storage.bundlefile.CloseableBundleFile::getInputStream (58 bytes)
Event: 13.821 Thread 0x0000021dca63d210 nmethod 2490 0x0000021db963b008 code [0x0000021db963b100, 0x0000021db963c290]
Event: 13.821 Thread 0x0000021dca63d210 2492       3       org.eclipse.osgi.internal.loader.classpath.TitleVersionVendor::of (27 bytes)
Event: 13.821 Thread 0x0000021dca63d210 nmethod 2492 0x0000021db963c308 code [0x0000021db963c400, 0x0000021db963c6e0]
Event: 13.821 Thread 0x0000021dca63d210 2493       3       java.util.stream.ReferencePipeline$2::<init> (22 bytes)
Event: 13.821 Thread 0x0000021dca63d210 nmethod 2493 0x0000021db963c708 code [0x0000021db963c800, 0x0000021db963cb90]
Event: 13.822 Thread 0x0000021dca63d210 2494       3       java.util.Collections::singletonIterator (9 bytes)
Event: 13.822 Thread 0x0000021dca63d210 nmethod 2494 0x0000021db963cc08 code [0x0000021db963cd00, 0x0000021db963cf10]
Event: 13.822 Thread 0x0000021dca63d210 2495       3       java.util.Collections$1::<init> (15 bytes)
Event: 13.823 Thread 0x0000021dca63d210 nmethod 2495 0x0000021db963cf88 code [0x0000021db963d080, 0x0000021db963d1f8]

GC Heap Usage History (4 events):
Event: 0.639 {heap Before GC invocations=1 (full 0):
 PSYoungGen      total 29696K, used 25600K [0x00000000d5580000, 0x00000000d7680000, 0x0000000100000000)
  eden space 25600K, 100% used [0x00000000d5d80000,0x00000000d7680000,0x00000000d7680000)
  from space 4096K, 0% used [0x00000000d5980000,0x00000000d5980000,0x00000000d5d80000)
  to   space 4096K, 0% used [0x00000000d5580000,0x00000000d5580000,0x00000000d5980000)
 ParOldGen       total 68608K, used 1187K [0x0000000080000000, 0x0000000084300000, 0x00000000d5580000)
  object space 68608K, 1% used [0x0000000080000000,0x0000000080128da8,0x0000000084300000)
}
Event: 0.645 {heap After GC invocations=1 (full 0):
 PSYoungGen      total 55296K, used 3018K [0x00000000d5580000, 0x00000000d8f80000, 0x0000000100000000)
  eden space 51200K, 0% used [0x00000000d5d80000,0x00000000d5d80000,0x00000000d8f80000)
  from space 4096K, 73% used [0x00000000d5580000,0x00000000d5872ad0,0x00000000d5980000)
  to   space 4096K, 0% used [0x00000000d5980000,0x00000000d5980000,0x00000000d5d80000)
 ParOldGen       total 68608K, used 1195K [0x0000000080000000, 0x0000000084300000, 0x00000000d5580000)
  object space 68608K, 1% used [0x0000000080000000,0x000000008012ada8,0x0000000084300000)
}
Event: 8.619 {heap Before GC invocations=2 (full 0):
 PSYoungGen      total 55296K, used 54218K [0x00000000d5580000, 0x00000000d8f80000, 0x0000000100000000)
  eden space 51200K, 100% used [0x00000000d5d80000,0x00000000d8f80000,0x00000000d8f80000)
  from space 4096K, 73% used [0x00000000d5580000,0x00000000d5872ad0,0x00000000d5980000)
  to   space 4096K, 0% used [0x00000000d5980000,0x00000000d5980000,0x00000000d5d80000)
 ParOldGen       total 68608K, used 1195K [0x0000000080000000, 0x0000000084300000, 0x00000000d5580000)
  object space 68608K, 1% used [0x0000000080000000,0x000000008012ada8,0x0000000084300000)
}
Event: 8.627 {heap After GC invocations=2 (full 0):
 PSYoungGen      total 55296K, used 4067K [0x00000000d5580000, 0x00000000d8f80000, 0x0000000100000000)
  eden space 51200K, 0% used [0x00000000d5d80000,0x00000000d5d80000,0x00000000d8f80000)
  from space 4096K, 99% used [0x00000000d5980000,0x00000000d5d78dc0,0x00000000d5d80000)
  to   space 4096K, 0% used [0x00000000d5580000,0x00000000d5580000,0x00000000d5980000)
 ParOldGen       total 68608K, used 4740K [0x0000000080000000, 0x0000000084300000, 0x00000000d5580000)
  object space 68608K, 6% used [0x0000000080000000,0x00000000804a12d0,0x0000000084300000)
}

Metaspace Usage History (4 events):
Event: 0.639 {metaspace Before GC invocations=1 (full 0):
 Metaspace       used 4242K, committed 4544K, reserved 1114112K
  class space    used 438K, committed 576K, reserved 1048576K
}
Event: 0.645 {metaspace After GC invocations=1 (full 0):
 Metaspace       used 4242K, committed 4544K, reserved 1114112K
  class space    used 438K, committed 576K, reserved 1048576K
}
Event: 8.619 {metaspace Before GC invocations=2 (full 0):
 Metaspace       used 8993K, committed 9344K, reserved 1114112K
  class space    used 924K, committed 1088K, reserved 1048576K
}
Event: 8.627 {metaspace After GC invocations=2 (full 0):
 Metaspace       used 8993K, committed 9344K, reserved 1114112K
  class space    used 924K, committed 1088K, reserved 1048576K
}

Dll operation events (18 events):
Event: 0.023 Attempting to load shared library D:\java-jdk\bin\java.dll
Event: 0.023 Loaded shared library D:\java-jdk\bin\java.dll
Event: 0.134 Attempting to load shared library D:\java-jdk\bin\zip.dll
Event: 0.136 Loaded shared library D:\java-jdk\bin\zip.dll
Event: 0.140 Attempting to load shared library D:\java-jdk\bin\instrument.dll
Event: 0.140 Loaded shared library D:\java-jdk\bin\instrument.dll
Event: 0.144 Attempting to load shared library D:\java-jdk\bin\net.dll
Event: 0.145 Loaded shared library D:\java-jdk\bin\net.dll
Event: 0.147 Attempting to load shared library D:\java-jdk\bin\nio.dll
Event: 0.148 Loaded shared library D:\java-jdk\bin\nio.dll
Event: 0.151 Attempting to load shared library D:\java-jdk\bin\zip.dll
Event: 0.151 Loaded shared library D:\java-jdk\bin\zip.dll
Event: 0.169 Attempting to load shared library D:\java-jdk\bin\jimage.dll
Event: 0.169 Loaded shared library D:\java-jdk\bin\jimage.dll
Event: 0.249 Attempting to load shared library D:\java-jdk\bin\verify.dll
Event: 0.250 Loaded shared library D:\java-jdk\bin\verify.dll
Event: 6.240 Attempting to load shared library C:\Users\HP\AppData\Roaming\Code\User\globalStorage\redhat.java\1.53.0\config_win\org.eclipse.equinox.launcher\org.eclipse.equinox.launcher.win32.win32.x86_64_1.3.0.v20260203-2149\eclipse_11919.dll
Event: 6.302 Loaded shared library C:\Users\HP\AppData\Roaming\Code\User\globalStorage\redhat.java\1.53.0\config_win\org.eclipse.equinox.launcher\org.eclipse.equinox.launcher.win32.win32.x86_64_1.3.0.v20260203-2149\eclipse_11919.dll

Deoptimization events (20 events):
Event: 8.751 Thread 0x0000021dd163b450 DEOPT PACKING pc=0x0000021db95a3547 sp=0x00000073a00fdd00
Event: 8.751 Thread 0x0000021dd163b450 DEOPT UNPACKING pc=0x0000021dc0821a02 sp=0x00000073a00fd1e0 mode 0
Event: 8.751 Thread 0x0000021dd163b450 DEOPT PACKING pc=0x0000021db95a3547 sp=0x00000073a00fdd00
Event: 8.752 Thread 0x0000021dd163b450 DEOPT UNPACKING pc=0x0000021dc0821a02 sp=0x00000073a00fd1e0 mode 0
Event: 12.371 Thread 0x0000021dd163b450 Uncommon trap: trap_request=0xffffff45 fr.pc=0x0000021dc0de53a8 relative=0x00000000000006a8
Event: 12.371 Thread 0x0000021dd163b450 Uncommon trap: reason=unstable_if action=reinterpret pc=0x0000021dc0de53a8 method=java.util.HashMap.computeIfAbsent(Ljava/lang/Object;Ljava/util/function/Function;)Ljava/lang/Object; @ 132 c2
Event: 12.371 Thread 0x0000021dd163b450 DEOPT PACKING pc=0x0000021dc0de53a8 sp=0x00000073a00fce80
Event: 12.371 Thread 0x0000021dd163b450 DEOPT UNPACKING pc=0x0000021dc08eac82 sp=0x00000073a00fce10 mode 2
Event: 12.909 Thread 0x0000021dd163b450 Uncommon trap: trap_request=0xffffff45 fr.pc=0x0000021dc0dbc1f0 relative=0x0000000000000170
Event: 12.909 Thread 0x0000021dd163b450 Uncommon trap: reason=unstable_if action=reinterpret pc=0x0000021dc0dbc1f0 method=java.lang.String.startsWith(Ljava/lang/String;I)Z @ 50 c2
Event: 12.910 Thread 0x0000021dd163b450 DEOPT PACKING pc=0x0000021dc0dbc1f0 sp=0x00000073a00fe120
Event: 12.910 Thread 0x0000021dd163b450 DEOPT UNPACKING pc=0x0000021dc08eac82 sp=0x00000073a00fe050 mode 2
Event: 12.997 Thread 0x0000021dd163b450 Uncommon trap: trap_request=0xffffff5e fr.pc=0x0000021dc0e19698 relative=0x0000000000000418
Event: 12.997 Thread 0x0000021dd163b450 Uncommon trap: reason=speculate_class_check action=maybe_recompile pc=0x0000021dc0e19698 method=java.lang.String.<init>(Ljava/lang/AbstractStringBuilder;Ljava/lang/Void;)V @ 10 c2
Event: 12.997 Thread 0x0000021dd163b450 DEOPT PACKING pc=0x0000021dc0e19698 sp=0x00000073a00fe070
Event: 12.997 Thread 0x0000021dd163b450 DEOPT UNPACKING pc=0x0000021dc08eac82 sp=0x00000073a00fe040 mode 2
Event: 12.997 Thread 0x0000021dd163b450 Uncommon trap: trap_request=0xffffff5e fr.pc=0x0000021dc0e19698 relative=0x0000000000000418
Event: 12.997 Thread 0x0000021dd163b450 Uncommon trap: reason=speculate_class_check action=maybe_recompile pc=0x0000021dc0e19698 method=java.lang.String.<init>(Ljava/lang/AbstractStringBuilder;Ljava/lang/Void;)V @ 10 c2
Event: 12.997 Thread 0x0000021dd163b450 DEOPT PACKING pc=0x0000021dc0e19698 sp=0x00000073a00fe070
Event: 12.997 Thread 0x0000021dd163b450 DEOPT UNPACKING pc=0x0000021dc08eac82 sp=0x00000073a00fe040 mode 2

Classes loaded (20 events):
Event: 6.355 Loading class sun/util/logging/resources/logging_zh_Hans_CN
Event: 6.355 Loading class sun/util/logging/resources/logging_zh_Hans_CN done
Event: 6.355 Loading class sun/util/logging/resources/logging_zh_Hans_CN
Event: 6.355 Loading class sun/util/logging/resources/logging_zh_Hans_CN done
Event: 6.357 Loading class java/util/Formatter$FormatSpecifierParser
Event: 6.357 Loading class java/util/Formatter$FormatSpecifierParser done
Event: 6.357 Loading class java/util/Formatter$DateTime
Event: 6.357 Loading class java/util/Formatter$DateTime done
Event: 6.358 Loading class java/time/ZonedDateTime$1
Event: 6.358 Loading class java/time/ZonedDateTime$1 done
Event: 6.368 Loading class jdk/internal/module/ModulePatcher$PatchedModuleReader
Event: 6.368 Loading class jdk/internal/module/ModulePatcher$PatchedModuleReader done
Event: 6.375 Loading class sun/util/resources/LocaleData$LocaleDataResourceBundleProvider
Event: 6.376 Loading class java/util/spi/ResourceBundleProvider
Event: 6.376 Loading class java/util/spi/ResourceBundleProvider done
Event: 6.376 Loading class sun/util/resources/LocaleData$LocaleDataResourceBundleProvider done
Event: 6.377 Loading class sun/util/cldr/CLDRBaseLocaleDataMetaInfo$CLDRMapHolder
Event: 6.378 Loading class sun/util/cldr/CLDRBaseLocaleDataMetaInfo$CLDRMapHolder done
Event: 6.379 Loading class java/util/HashMap$EntrySpliterator
Event: 6.379 Loading class java/util/HashMap$EntrySpliterator done

Classes unloaded (0 events):
No events

Classes redefined (0 events):
No events

Internal exceptions (20 events):
Event: 0.541 Thread 0x0000021dae33a3c0 Exception <a 'java/lang/NoSuchMethodError'{0x00000000d6fcac68}: 'int java.lang.invoke.DirectMethodHandle$Holder.invokeStatic(java.lang.Object, java.lang.Object, java.lang.Object, java.lang.Object, java.lang.Object)'> (0x00000000d6fcac68) 
thrown [s\open\src\hotspot\share\interpreter\linkResolver.cpp, line 804]
Event: 0.557 Thread 0x0000021dae33a3c0 Exception <a 'java/lang/NoSuchMethodError'{0x00000000d706b848}: 'java.lang.Object java.lang.invoke.DirectMethodHandle$Holder.invokeInterface(java.lang.Object, java.lang.Object, int)'> (0x00000000d706b848) 
thrown [s\open\src\hotspot\share\interpreter\linkResolver.cpp, line 804]
Event: 0.672 Thread 0x0000021dae33a3c0 Exception <a 'java/lang/ClassNotFoundException'{0x00000000d5ff5d78}: sun/net/www/protocol/c/Handler> (0x00000000d5ff5d78) 
thrown [s\open\src\hotspot\share\classfile\systemDictionary.cpp, line 329]
Event: 0.673 Thread 0x0000021dae33a3c0 Exception <a 'java/lang/ClassNotFoundException'{0x00000000d5ff70f8}: sun/net/www/protocol/d/Handler> (0x00000000d5ff70f8) 
thrown [s\open\src\hotspot\share\classfile\systemDictionary.cpp, line 329]
Event: 0.673 Thread 0x0000021dae33a3c0 Exception <a 'java/lang/ClassNotFoundException'{0x00000000d5ff8298}: sun/net/www/protocol/c/Handler> (0x00000000d5ff8298) 
thrown [s\open\src\hotspot\share\classfile\systemDictionary.cpp, line 329]
Event: 0.685 Thread 0x0000021dae33a3c0 Exception <a 'java/io/FileNotFoundException'{0x00000000d602a108}> (0x00000000d602a108) 
thrown [s\open\src\hotspot\share\prims\jni.cpp, line 514]
Event: 0.705 Thread 0x0000021dae33a3c0 Implicit null exception at 0x0000021dc0db1fb9 to 0x0000021dc0db282c
Event: 0.705 Thread 0x0000021dae33a3c0 Implicit null exception at 0x0000021dc0db7dca to 0x0000021dc0db7fc4
Event: 0.706 Thread 0x0000021dae33a3c0 Exception <a 'java/lang/NoSuchMethodError'{0x00000000d6146d90}: 'void java.lang.invoke.DirectMethodHandle$Holder.invokeStatic(java.lang.Object, java.lang.Object, java.lang.Object, java.lang.Object)'> (0x00000000d6146d90) 
thrown [s\open\src\hotspot\share\interpreter\linkResolver.cpp, line 804]
Event: 0.708 Thread 0x0000021dae33a3c0 Implicit null exception at 0x0000021dc0daff4a to 0x0000021dc0db013c
Event: 0.708 Thread 0x0000021dae33a3c0 Implicit null exception at 0x0000021dc0db061d to 0x0000021dc0db0695
Event: 0.779 Thread 0x0000021dae33a3c0 Exception <a 'java/lang/NoSuchMethodError'{0x00000000d64428b8}: 'void java.lang.invoke.DirectMethodHandle$Holder.invokeSpecial(java.lang.Object, java.lang.Object, java.lang.Object)'> (0x00000000d64428b8) 
thrown [s\open\src\hotspot\share\interpreter\linkResolver.cpp, line 804]
Event: 1.002 Thread 0x0000021dae33a3c0 Exception <a 'java/lang/NoSuchMethodError'{0x00000000d7250a90}: 'java.lang.Object java.lang.invoke.DirectMethodHandle$Holder.newInvokeSpecial(java.lang.Object, int, java.lang.Object)'> (0x00000000d7250a90) 
thrown [s\open\src\hotspot\share\interpreter\linkResolver.cpp, line 804]
Event: 1.027 Thread 0x0000021dae33a3c0 Exception <a 'java/lang/ClassNotFoundException'{0x00000000d747eec0}: sun/net/www/protocol/plurl/Handler> (0x00000000d747eec0) 
thrown [s\open\src\hotspot\share\classfile\systemDictionary.cpp, line 329]
Event: 1.027 Thread 0x0000021dae33a3c0 Exception <a 'java/lang/ClassNotFoundException'{0x00000000d747fd88}: sun/net/www/protocol/plurl/Handler> (0x00000000d747fd88) 
thrown [s\open\src\hotspot\share\classfile\systemDictionary.cpp, line 329]
Event: 6.237 Thread 0x0000021dae33a3c0 Exception <a 'java/lang/UnsatisfiedLinkError'{0x00000000d791fbd0}: 'void org.eclipse.equinox.launcher.JNIBridge._update_splash()'> (0x00000000d791fbd0) 
thrown [s\open\src\hotspot\share\prims\nativeLookup.cpp, line 415]
Event: 6.312 Thread 0x0000021dd163b450 Exception <a 'java/lang/NoSuchMethodError'{0x00000000d7d95150}: 'java.lang.Object java.lang.invoke.DirectMethodHandle$Holder.newInvokeSpecial(java.lang.Object, java.lang.Object, int, java.lang.Object)'> (0x00000000d7d95150) 
thrown [s\open\src\hotspot\share\interpreter\linkResolver.cpp, line 804]
Event: 6.312 Thread 0x0000021dd163b450 Exception <a 'java/lang/NoSuchMethodError'{0x00000000d7d9d3d8}: 'java.lang.Object java.lang.invoke.Invokers$Holder.linkToTargetMethod(java.lang.Object, int, java.lang.Object, java.lang.Object)'> (0x00000000d7d9d3d8) 
thrown [s\open\src\hotspot\share\interpreter\linkResolver.cpp, line 804]
Event: 6.327 Thread 0x0000021dd163b450 Exception <a 'java/lang/NoClassDefFoundError'{0x00000000d7e62040}: jakarta/servlet/ServletContainerInitializer> (0x00000000d7e62040) 
thrown [s\open\src\hotspot\share\classfile\systemDictionary.cpp, line 318]
Event: 6.354 Thread 0x0000021dd163b450 Exception <a 'java/lang/ClassNotFoundException'{0x00000000d7f794c0}: sun/util/logging/resources/spi/loggingProvider> (0x00000000d7f794c0) 
thrown [s\open\src\hotspot\share\classfile\systemDictionary.cpp, line 329]

VM Operations (20 events):
Event: 0.639 Executing safepoint VM operation: ParallelCollectForAllocation (Allocation Failure)
Event: 0.645 Executing safepoint VM operation: ParallelCollectForAllocation (Allocation Failure) done
Event: 0.992 Executing non-safepoint VM operation: HandshakeAllThreads (Deoptimize)
Event: 0.992 Executing non-safepoint VM operation: HandshakeAllThreads (Deoptimize) done
Event: 0.996 Executing non-safepoint VM operation: HandshakeAllThreads (Deoptimize)
Event: 0.996 Executing non-safepoint VM operation: HandshakeAllThreads (Deoptimize) done
Event: 1.017 Executing non-safepoint VM operation: HandshakeAllThreads (Deoptimize)
Event: 1.017 Executing non-safepoint VM operation: HandshakeAllThreads (Deoptimize) done
Event: 1.025 Executing non-safepoint VM operation: HandshakeAllThreads (Deoptimize)
Event: 1.025 Executing non-safepoint VM operation: HandshakeAllThreads (Deoptimize) done
Event: 6.356 Executing non-safepoint VM operation: HandshakeAllThreads (Deoptimize)
Event: 6.356 Executing non-safepoint VM operation: HandshakeAllThreads (Deoptimize) done
Event: 6.368 Executing non-safepoint VM operation: HandshakeAllThreads (Deoptimize)
Event: 6.369 Executing non-safepoint VM operation: HandshakeAllThreads (Deoptimize) done
Event: 6.392 Executing non-safepoint VM operation: HandshakeAllThreads (Deoptimize)
Event: 6.392 Executing non-safepoint VM operation: HandshakeAllThreads (Deoptimize) done
Event: 8.619 Executing safepoint VM operation: ParallelCollectForAllocation (Allocation Failure)
Event: 8.627 Executing safepoint VM operation: ParallelCollectForAllocation (Allocation Failure) done
Event: 9.089 Executing non-safepoint VM operation: HandshakeAllThreads (Deoptimize)
Event: 9.089 Executing non-safepoint VM operation: HandshakeAllThreads (Deoptimize) done

Memory protections (0 events):
No events

Nmethod flushes (0 events):
No events

Events (20 events):
Event: 0.086 Thread 0x0000021dae33a3c0 Thread added: 0x0000021dca61f770
Event: 0.086 Thread 0x0000021dae33a3c0 Thread added: 0x0000021dca613630
Event: 0.087 Thread 0x0000021dae33a3c0 Thread added: 0x0000021dca6193e0
Event: 0.087 Thread 0x0000021dae33a3c0 Thread added: 0x0000021dca619e30
Event: 0.087 Thread 0x0000021dae33a3c0 Thread added: 0x0000021dca61bdb0
Event: 0.087 Thread 0x0000021dae33a3c0 Thread added: 0x0000021dca628d50
Event: 0.087 Thread 0x0000021dae33a3c0 Thread added: 0x0000021dca63b130
Event: 0.087 Thread 0x0000021dae33a3c0 Thread added: 0x0000021dca63d210
Event: 0.125 Thread 0x0000021dca63d210 Thread added: 0x0000021dca745d30
Event: 0.142 Thread 0x0000021dae33a3c0 Thread added: 0x0000021dcc89ef30
Event: 0.357 Thread 0x0000021dae33a3c0 Thread added: 0x0000021dd10d5ad0
Event: 0.461 Thread 0x0000021dca63d210 Thread added: 0x0000021dd140d8c0
Event: 0.986 Thread 0x0000021dae33a3c0 Thread added: 0x0000021dd1649c60
Event: 1.235 Thread 0x0000021dca745d30 Thread exited: 0x0000021dca745d30
Event: 1.236 Thread 0x0000021dd140d8c0 Thread exited: 0x0000021dd140d8c0
Event: 6.228 Thread 0x0000021dca63d210 Thread added: 0x0000021dd13d7010
Event: 6.231 Thread 0x0000021dae33a3c0 Thread added: 0x0000021dd188f860
Event: 6.234 Thread 0x0000021dae33a3c0 Thread added: 0x0000021dd163b450
Event: 6.894 Thread 0x0000021dd13d7010 Thread exited: 0x0000021dd13d7010
Event: 8.776 Thread 0x0000021dd163b450 Thread added: 0x0000021dd1974d30


Dynamic libraries:
0x00007ff6e4fb0000 - 0x00007ff6e4fc0000 	D:\java-jdk\bin\java.exe
0x00007ffbd8620000 - 0x00007ffbd8887000 	C:\WINDOWS\SYSTEM32\ntdll.dll
0x00007ffbd7f90000 - 0x00007ffbd8059000 	C:\WINDOWS\System32\KERNEL32.DLL
0x00007ffbd51f0000 - 0x00007ffbd55e1000 	C:\WINDOWS\System32\KERNELBASE.dll
0x00007ffbd55f0000 - 0x00007ffbd573b000 	C:\WINDOWS\System32\ucrtbase.dll
0x00007ffbb4410000 - 0x00007ffbb4427000 	D:\java-jdk\bin\jli.dll
0x00007ffbb7330000 - 0x00007ffbb734e000 	D:\java-jdk\bin\VCRUNTIME140.dll
0x00007ffbd6ba0000 - 0x00007ffbd6d65000 	C:\WINDOWS\System32\USER32.dll
0x00007ffbd60e0000 - 0x00007ffbd6107000 	C:\WINDOWS\System32\win32u.dll
0x00007ffbd4000000 - 0x00007ffbd4293000 	C:\WINDOWS\WinSxS\amd64_microsoft.windows.common-controls_6595b64144ccf1df_6.0.26100.8037_none_3e092faae333b53b\COMCTL32.dll
0x00007ffbd8460000 - 0x00007ffbd8509000 	C:\WINDOWS\System32\msvcrt.dll
0x00007ffbd8070000 - 0x00007ffbd809b000 	C:\WINDOWS\System32\GDI32.dll
0x00007ffbd5740000 - 0x00007ffbd586b000 	C:\WINDOWS\System32\gdi32full.dll
0x00007ffbd5140000 - 0x00007ffbd51e3000 	C:\WINDOWS\System32\msvcp_win.dll
0x00007ffbd65f0000 - 0x00007ffbd6621000 	C:\WINDOWS\System32\IMM32.DLL
0x00007ffbba0f0000 - 0x00007ffbba0fc000 	D:\java-jdk\bin\vcruntime140_1.dll
0x00007ffba5970000 - 0x00007ffba59fd000 	D:\java-jdk\bin\msvcp140.dll
0x00007ffb54620000 - 0x00007ffb554ee000 	D:\java-jdk\bin\server\jvm.dll
0x00007ffbd8520000 - 0x00007ffbd85db000 	C:\WINDOWS\System32\ADVAPI32.dll
0x00007ffbd7e10000 - 0x00007ffbd7eb7000 	C:\WINDOWS\System32\sechost.dll
0x00007ffbd6470000 - 0x00007ffbd6588000 	C:\WINDOWS\System32\RPCRT4.dll
0x00007ffbd7ec0000 - 0x00007ffbd7f34000 	C:\WINDOWS\System32\WS2_32.dll
0x00007ffbd4d80000 - 0x00007ffbd4dde000 	C:\WINDOWS\SYSTEM32\POWRPROF.dll
0x00007ffbcd0c0000 - 0x00007ffbcd0f5000 	C:\WINDOWS\SYSTEM32\WINMM.dll
0x00007ffbcd100000 - 0x00007ffbcd10b000 	C:\WINDOWS\SYSTEM32\VERSION.dll
0x00007ffbd4d60000 - 0x00007ffbd4d74000 	C:\WINDOWS\SYSTEM32\UMPDC.dll
0x00007ffbd3370000 - 0x00007ffbd338b000 	C:\WINDOWS\SYSTEM32\kernel.appcore.dll
0x00007ffbb9fb0000 - 0x00007ffbb9fba000 	D:\java-jdk\bin\jimage.dll
0x00007ffbd46b0000 - 0x00007ffbd48f2000 	C:\WINDOWS\SYSTEM32\DBGHELP.DLL
0x00007ffbd7a00000 - 0x00007ffbd7d82000 	C:\WINDOWS\System32\combase.dll
0x00007ffbd6ac0000 - 0x00007ffbd6b97000 	C:\WINDOWS\System32\OLEAUT32.dll
0x00007ffbd45a0000 - 0x00007ffbd45db000 	C:\WINDOWS\SYSTEM32\dbgcore.DLL
0x00007ffbd6310000 - 0x00007ffbd63b5000 	C:\WINDOWS\System32\bcryptPrimitives.dll
0x00007ffbb82b0000 - 0x00007ffbb82c0000 	D:\java-jdk\bin\instrument.dll
0x00007ffbadfb0000 - 0x00007ffbadfcf000 	D:\java-jdk\bin\java.dll
0x00007ffbd8230000 - 0x00007ffbd83c5000 	C:\WINDOWS\System32\ole32.dll
0x00007ffbd6e80000 - 0x00007ffbd75df000 	C:\WINDOWS\System32\SHELL32.dll
0x00007ffbd61a0000 - 0x00007ffbd630a000 	C:\WINDOWS\System32\wintypes.dll
0x00007ffbd5870000 - 0x00007ffbd60d4000 	C:\WINDOWS\System32\windows.storage.dll
0x00007ffbd6d80000 - 0x00007ffbd6e77000 	C:\WINDOWS\System32\SHCORE.dll
0x00007ffbd81c0000 - 0x00007ffbd8227000 	C:\WINDOWS\System32\shlwapi.dll
0x00007ffbd4e20000 - 0x00007ffbd4e49000 	C:\WINDOWS\SYSTEM32\profapi.dll
0x00007ffba81b0000 - 0x00007ffba81c7000 	D:\java-jdk\bin\zip.dll
0x00007ffba7060000 - 0x00007ffba7072000 	D:\java-jdk\bin\net.dll
0x00007ffbd38a0000 - 0x00007ffbd390b000 	C:\WINDOWS\system32\mswsock.dll
0x00007ffba6840000 - 0x00007ffba6856000 	D:\java-jdk\bin\nio.dll
0x00007ffbb82a0000 - 0x00007ffbb82b0000 	D:\java-jdk\bin\verify.dll
0x00007ffb38430000 - 0x00007ffb38475000 	C:\Users\HP\AppData\Roaming\Code\User\globalStorage\redhat.java\1.53.0\config_win\org.eclipse.equinox.launcher\org.eclipse.equinox.launcher.win32.win32.x86_64_1.3.0.v20260203-2149\eclipse_11919.dll

JVMTI agents:
c:\Users\HP\.vscode\extensions\redhat.java-1.53.0-win32-x64\lombok\lombok-1.18.39-4050.jar path:D:\java-jdk\bin\instrument.dll, loaded, initialized, instrumentlib options:none

dbghelp: loaded successfully - version: 4.0.5 - missing functions: none
symbol engine: initialized successfully - sym options: 0x614 - pdb path: .;D:\java-jdk\bin;C:\WINDOWS\SYSTEM32;C:\WINDOWS\WinSxS\amd64_microsoft.windows.common-controls_6595b64144ccf1df_6.0.26100.8037_none_3e092faae333b53b;D:\java-jdk\bin\server;C:\Users\HP\AppData\Roaming\Code\User\globalStorage\redhat.java\1.53.0\config_win\org.eclipse.equinox.launcher\org.eclipse.equinox.launcher.win32.win32.x86_64_1.3.0.v20260203-2149

VM Arguments:
jvm_args: -Djdk.xml.maxGeneralEntitySizeLimit=0 -Djdk.xml.totalEntitySizeLimit=0 --add-modules=ALL-SYSTEM --add-opens=java.base/java.util=ALL-UNNAMED --add-opens=java.base/java.lang=ALL-UNNAMED --add-opens=java.base/sun.nio.fs=ALL-UNNAMED -Declipse.application=org.eclipse.jdt.ls.core.id1 -Dosgi.bundles.defaultStartLevel=4 -Declipse.product=org.eclipse.jdt.ls.core.product -Djava.import.generatesMetadataFilesAtProjectRoot=false -DDetectVMInstallationsJob.disabled=true -Dfile.encoding=utf8 -XX:+UseParallelGC -XX:GCTimeRatio=4 -XX:AdaptiveSizePolicyWeight=90 -Dsun.zip.disableMemoryMapping=true -Xmx2G -Xms100m -Xlog:disable -javaagent:c:\Users\HP\.vscode\extensions\redhat.java-1.53.0-win32-x64\lombok\lombok-1.18.39-4050.jar -XX:+HeapDumpOnOutOfMemoryError -XX:HeapDumpPath=c:\Users\HP\AppData\Roaming\Code\User\workspaceStorage\7f855e6bb299acc305e564db38f923d8\redhat.java -Daether.dependencyCollector.impl=bf 
java_command: c:\Users\HP\.vscode\extensions\redhat.java-1.53.0-win32-x64\server\plugins\org.eclipse.equinox.launcher_1.7.100.v20251111-0406.jar -configuration c:\Users\HP\AppData\Roaming\Code\User\globalStorage\redhat.java\1.53.0\config_win -data c:\Users\HP\AppData\Roaming\Code\User\workspaceStorage\7f855e6bb299acc305e564db38f923d8\redhat.java\jdt_ws --pipe=\\.\pipe\lsp-63ce729200ba49e5bb6641b1d3386e31-sock
java_class_path (initial): c:\Users\HP\.vscode\extensions\redhat.java-1.53.0-win32-x64\server\plugins\org.eclipse.equinox.launcher_1.7.100.v20251111-0406.jar
Launcher Type: SUN_STANDARD

[Global flags]
     bool AOTAdapterCaching                        = false                                  {diagnostic} {ergonomic}
     bool AOTInvokeDynamicLinking                  = false                                  {diagnostic} {ergonomic}
     bool AOTRecordTraining                        = false                                  {diagnostic} {ergonomic}
     bool AOTReplayTraining                        = false                                  {diagnostic} {ergonomic}
     bool AOTStubCaching                           = false                                  {diagnostic} {ergonomic}
     uint AdaptiveSizePolicyWeight                 = 90                                        {product} {command line}
     intx CICompilerCount                          = 4                                         {product} {ergonomic}
     uint GCTimeRatio                              = 4                                         {product} {command line}
     bool HeapDumpOnOutOfMemoryError               = true                                   {manageable} {command line}
    ccstr HeapDumpPath                             = c:\Users\HP\AppData\Roaming\Code\User\workspaceStorage\7f855e6bb299acc305e564db38f923d8\redhat.java         {manageable} {command line}
   size_t InitialHeapSize                          = 104857600                                 {product} {command line}
     bool IntelJccErratumMitigation                = false                             {ARCH diagnostic} {ergonomic}
   size_t MaxHeapSize                              = 2147483648                                {product} {command line}
   size_t MaxNewSize                               = 715653120                                 {product} {ergonomic}
 uint64_t MaxRAM                                   = 7887228928                                {product} {ergonomic}
   size_t MinHeapDeltaBytes                        = 524288                                    {product} {ergonomic}
   size_t MinHeapSize                              = 104857600                                 {product} {command line}
   size_t NewSize                                  = 34603008                                  {product} {ergonomic}
   size_t NonNMethodCodeHeapSize                   = 5832704                                {pd product} {ergonomic}
   size_t NonProfiledCodeHeapSize                  = 122945536                              {pd product} {ergonomic}
   size_t ProfiledCodeHeapSize                     = 122880000                              {pd product} {ergonomic}
   size_t ReservedCodeCacheSize                    = 251658240                              {pd product} {ergonomic}
     bool SegmentedCodeCache                       = true                                      {product} {ergonomic}
   size_t SoftMaxHeapSize                          = 2147483648                             {manageable} {ergonomic}
     bool UseCompressedOops                        = true                           {product lp64_product} {ergonomic}
     bool UseFastUnorderedTimeStamps               = true                                 {experimental} {ergonomic}
     bool UseLargePagesIndividualAllocation        = false                                  {pd product} {ergonomic}
     bool UseParallelGC                            = true                                      {product} {command line}
      int X86ICacheSync                            = 3                                 {ARCH diagnostic} {ergonomic}

Logging:
Log output configuration:
 #0: stdout all=off uptime,level,tags foldmultilines=false
 #1: stderr all=off uptime,level,tags foldmultilines=false

Release file:
IMPLEMENTOR="Oracle Corporation" 
JAVA_RUNTIME_VERSION="26+35-2893" 
JAVA_VERSION="26" 
JAVA_VERSION_DATE="2026-03-17" 
LIBC="default" 
MODULES="java.base java.compiler java.datatransfer java.xml java.prefs java.desktop java.instrument java.logging java.management java.security.sasl java.naming java.rmi java.management.rmi java.net.http java.scripting java.security.jgss java.transaction.xa java.sql java.sql.rowset java.xml.crypto java.se java.smartcardio jdk.accessibility jdk.internal.jvmstat jdk.attach jdk.charsets jdk.internal.opt jdk.zipfs jdk.compiler jdk.crypto.cryptoki jdk.crypto.ec jdk.crypto.mscapi jdk.dynalink jdk.internal.ed jdk.editpad jdk.internal.vm.ci jdk.graal.compiler jdk.graal.compiler.management jdk.hotspot.agent jdk.httpserver jdk.incubator.vector jdk.internal.le jdk.internal.md jdk.jartool jdk.javadoc jdk.jcmd jdk.management jdk.management.agent jdk.jconsole jdk.jdeps jdk.jdwp.agent jdk.jdi jdk.jfr jdk.jlink jdk.jpackage jdk.jshell jdk.jstatd jdk.localedata jdk.management.jfr jdk.naming.dns jdk.naming.rmi jdk.net jdk.nio.mapmode jdk.sctp jdk.security.auth jdk.security.jgss jdk.unsupported jdk.unsupported.desktop jdk.xml.dom" 
OS_ARCH="x86_64" 
OS_NAME="Windows" 
SOURCE=".:git:1327d96f3b3c open:git:4408cd2a07a1" 

Environment Variables:
JAVA_HOME=E:\pintia\jdk
CLASSPATH=.;E:\pintia\jdk\lib;E:\pintia\jdk\lib\tools.jar
PATH=E:\Microsoft VS Code;C:\Program Files\Common Files\Oracle\Java\javapath;C:\Program Files (x86)\Common Files\Oracle\Java\javapath;C:\windows\system32;C:\windows;C:\windows\System32\Wbem;C:\windows\System32\WindowsPowerShell\v1.0\;C:\windows\System32\OpenSSH\;C:\Program Files (x86)\NVIDIA Corporation\PhysX\Common;C:\Program Files\NVIDIA Corporation\NVIDIA NvDLISR;C:\WINDOWS\system32;C:\WINDOWS;C:\WINDOWS\System32\Wbem;C:\WINDOWS\System32\WindowsPowerShell\v1.0\;C:\WINDOWS\System32\OpenSSH\;E:\pintia\jdk\bin;E:\pintia\jdk\jre\bin;C:\Users\HP\Desktop\微信web开发者工具\dll;ram Fi;es (x86)\dotnet\;D:\Matlab install\runtime\win64;D:\Matlab install\bin;C:\Program Files (x86)\Microsoft SQL Server\80\Tools\BINN;D:\node.js\;D:\node.js\node_global\node_modules;D:\git\Git\cmd;D:\Redis-x64\;C:\Users\HP\AppData\Local\Microsoft\WindowsApps;E:\Microsoft VS Code\bin;D:\antigravity\Antigravity\bin;D:\node.js\node_global;C:\Users\HP\.local\bin;
USERNAME=HP
OS=Windows_NT
PROCESSOR_IDENTIFIER=AMD64 Family 25 Model 80 Stepping 0, AuthenticAMD
TMP=C:\Users\HP\AppData\Local\Temp
TEMP=C:\Users\HP\AppData\Local\Temp




Compilation memory statistics disabled.

Periodic native trim disabled

---------------  S Y S T E M  ---------------

OS:
 Windows 11 , 64 bit Build 26100 (10.0.26100.7920)
OS uptime: 0 days 0:04 hours
Hyper-V role detected

CPU: total 12 (initial active 12) (6 cores per cpu, 2 threads per core) family 25 model 80 stepping 0 microcode 0xa50000d, cx8, cmov, fxsr, ht, mmx, 3dnowpref, sse, sse2, sse3, ssse3, sse4a, sse4.1, sse4.2, popcnt, lzcnt, tsc, tscinvbit, avx, avx2, aes, erms, clmul, bmi1, bmi2, adx, sha, fma, vzeroupper, clflush, clflushopt, clwb, hv, rdtscp, rdpid, fsrm, f16c, cet_ss
Processor Information for the first 12 processors :
  Max Mhz: 3301, Current Mhz: 3301, Mhz Limit: 3301

Memory: 4k page, system-wide physical 7521M (472M free)
TotalPageFile size 11535M (AvailPageFile size 5M)
current process WorkingSet (physical memory assigned to process): 129M, peak: 131M
current process commit charge ("private bytes"): 244M, peak: 246M

vm_info: Java HotSpot(TM) 64-Bit Server VM (26+35-2893) for windows-amd64 JRE (26+35-2893), built on 2026-02-12T17:04:02Z with MS VC++ 17.13 (VS2022)

END.
